// Jest Snapshot v1, https://goo.gl/fbAQLP

exports[`Rocket Should match the snapshot 1`] = `
ShallowWrapper {
  "length": 1,
  Symbol(enzyme.__root__): [Circular],
  Symbol(enzyme.__unrendered__): <Rocket
    rocket={
        Object {
            "active": false,
            "costLaunch": 6700000,
            "country": "Republic of the Marshall Islands",
            "fristFight": "03, 24, 2006",
            "name": "Falcon 1",
            "stats": Object {
              "boosters": 0,
              "diameter": 5.5,
              "height": 73,
              "mass": 66460,
            },
            "summary": "The Falcon 1 was an expendable ...",
          }
    }
/>,
  Symbol(enzyme.__renderer__): Object {
    "batchedUpdates": [Function],
    "getNode": [Function],
    "render": [Function],
    "simulateEvent": [Function],
    "unmount": [Function],
  },
  Symbol(enzyme.__node__): Object {
    "instance": null,
    "key": undefined,
    "nodeType": "host",
    "props": Object {
      "children": Array [
        <h1>
          Falcon 1
</h1>,
        <p />,
        <h2 />,
        <h3>
          03, 24, 2006
</h3>,
        Array [
          <p />,
          <p>
            5.5
</p>,
          <p>
            73
</p>,
          <p>
            66460
</p>,
        ],
        <p>
          The Falcon 1 was an expendable ...
</p>,
      ],
      "className": "Rocket",
    },
    "ref": null,
    "rendered": Array [
      Object {
        "instance": null,
        "key": undefined,
        "nodeType": "host",
        "props": Object {
          "children": "Falcon 1",
        },
        "ref": null,
        "rendered": "Falcon 1",
        "type": "h1",
      },
      Object {
        "instance": null,
        "key": undefined,
        "nodeType": "host",
        "props": Object {
          "children": false,
        },
        "ref": null,
        "rendered": false,
        "type": "p",
      },
      Object {
        "instance": null,
        "key": undefined,
        "nodeType": "host",
        "props": Object {
          "children": undefined,
        },
        "ref": null,
        "rendered": null,
        "type": "h2",
      },
      Object {
        "instance": null,
        "key": undefined,
        "nodeType": "host",
        "props": Object {
          "children": "03, 24, 2006",
        },
        "ref": null,
        "rendered": "03, 24, 2006",
        "type": "h3",
      },
      Object {
        "instance": null,
        "key": "boosters0",
        "nodeType": "host",
        "props": Object {
          "children": 0,
        },
        "ref": null,
        "rendered": 0,
        "type": "p",
      },
      Object {
        "instance": null,
        "key": "diameter1",
        "nodeType": "host",
        "props": Object {
          "children": 5.5,
        },
        "ref": null,
        "rendered": 5.5,
        "type": "p",
      },
      Object {
        "instance": null,
        "key": "height2",
        "nodeType": "host",
        "props": Object {
          "children": 73,
        },
        "ref": null,
        "rendered": 73,
        "type": "p",
      },
      Object {
        "instance": null,
        "key": "mass3",
        "nodeType": "host",
        "props": Object {
          "children": 66460,
        },
        "ref": null,
        "rendered": 66460,
        "type": "p",
      },
      Object {
        "instance": null,
        "key": undefined,
        "nodeType": "host",
        "props": Object {
          "children": "The Falcon 1 was an expendable ...",
        },
        "ref": null,
        "rendered": "The Falcon 1 was an expendable ...",
        "type": "p",
      },
    ],
    "type": "div",
  },
  Symbol(enzyme.__nodes__): Array [
    Object {
      "instance": null,
      "key": undefined,
      "nodeType": "host",
      "props": Object {
        "children": Array [
          <h1>
            Falcon 1
</h1>,
          <p />,
          <h2 />,
          <h3>
            03, 24, 2006
</h3>,
          Array [
            <p />,
            <p>
              5.5
</p>,
            <p>
              73
</p>,
            <p>
              66460
</p>,
          ],
          <p>
            The Falcon 1 was an expendable ...
</p>,
        ],
        "className": "Rocket",
      },
      "ref": null,
      "rendered": Array [
        Object {
          "instance": null,
          "key": undefined,
          "nodeType": "host",
          "props": Object {
            "children": "Falcon 1",
          },
          "ref": null,
          "rendered": "Falcon 1",
          "type": "h1",
        },
        Object {
          "instance": null,
          "key": undefined,
          "nodeType": "host",
          "props": Object {
            "children": false,
          },
          "ref": null,
          "rendered": false,
          "type": "p",
        },
        Object {
          "instance": null,
          "key": undefined,
          "nodeType": "host",
          "props": Object {
            "children": undefined,
          },
          "ref": null,
          "rendered": null,
          "type": "h2",
        },
        Object {
          "instance": null,
          "key": undefined,
          "nodeType": "host",
          "props": Object {
            "children": "03, 24, 2006",
          },
          "ref": null,
          "rendered": "03, 24, 2006",
          "type": "h3",
        },
        Object {
          "instance": null,
          "key": "boosters0",
          "nodeType": "host",
          "props": Object {
            "children": 0,
          },
          "ref": null,
          "rendered": 0,
          "type": "p",
        },
        Object {
          "instance": null,
          "key": "diameter1",
          "nodeType": "host",
          "props": Object {
            "children": 5.5,
          },
          "ref": null,
          "rendered": 5.5,
          "type": "p",
        },
        Object {
          "instance": null,
          "key": "height2",
          "nodeType": "host",
          "props": Object {
            "children": 73,
          },
          "ref": null,
          "rendered": 73,
          "type": "p",
        },
        Object {
          "instance": null,
          "key": "mass3",
          "nodeType": "host",
          "props": Object {
            "children": 66460,
          },
          "ref": null,
          "rendered": 66460,
          "type": "p",
        },
        Object {
          "instance": null,
          "key": undefined,
          "nodeType": "host",
          "props": Object {
            "children": "The Falcon 1 was an expendable ...",
          },
          "ref": null,
          "rendered": "The Falcon 1 was an expendable ...",
          "type": "p",
        },
      ],
      "type": "div",
    },
  ],
  Symbol(enzyme.__options__): Object {
    "adapter": ReactSixteenAdapter {
      "options": Object {
        "enableComponentDidUpdateOnSetState": true,
      },
    },
  },
}
`;
