// Jest Snapshot v1, https://goo.gl/fbAQLP

exports[`SignIn Should match the snapshot 1`] = `
ShallowWrapper {
  "length": 1,
  Symbol(enzyme.__root__): [Circular],
  Symbol(enzyme.__unrendered__): <SignIn
    addUser={[Function]}
    history={
        Object {
            "push": [Function],
          }
    }
    user={
        Object {
            "email": "bob@gmail.com",
            "id": 1,
            "name": "Bob",
          }
    }
/>,
  Symbol(enzyme.__renderer__): Object {
    "batchedUpdates": [Function],
    "getNode": [Function],
    "render": [Function],
    "simulateEvent": [Function],
    "unmount": [Function],
  },
  Symbol(enzyme.__node__): Object {
    "instance": null,
    "key": undefined,
    "nodeType": "host",
    "props": Object {
      "children": Array [
        <h2>
           SIGN INTO YOUR ACCOUNT 
</h2>,
        <input
          className="input"
          name="email"
          onChange={[Function]}
          placeholder="Enter Your Email"
          type="email"
          value=""
/>,
        <input
          className="input"
          name="password"
          onChange={[Function]}
          placeholder="Enter Your Password"
          type="password"
          vaule=""
/>,
        <button>
          Enter Your Account
</button>,
        "",
      ],
      "className": "Signin-form",
      "onSubmit": [Function],
    },
    "ref": null,
    "rendered": Array [
      Object {
        "instance": null,
        "key": undefined,
        "nodeType": "host",
        "props": Object {
          "children": " SIGN INTO YOUR ACCOUNT ",
        },
        "ref": null,
        "rendered": " SIGN INTO YOUR ACCOUNT ",
        "type": "h2",
      },
      Object {
        "instance": null,
        "key": undefined,
        "nodeType": "host",
        "props": Object {
          "className": "input",
          "name": "email",
          "onChange": [Function],
          "placeholder": "Enter Your Email",
          "type": "email",
          "value": "",
        },
        "ref": null,
        "rendered": null,
        "type": "input",
      },
      Object {
        "instance": null,
        "key": undefined,
        "nodeType": "host",
        "props": Object {
          "className": "input",
          "name": "password",
          "onChange": [Function],
          "placeholder": "Enter Your Password",
          "type": "password",
          "vaule": "",
        },
        "ref": null,
        "rendered": null,
        "type": "input",
      },
      Object {
        "instance": null,
        "key": undefined,
        "nodeType": "host",
        "props": Object {
          "children": "Enter Your Account",
        },
        "ref": null,
        "rendered": "Enter Your Account",
        "type": "button",
      },
      "",
    ],
    "type": "form",
  },
  Symbol(enzyme.__nodes__): Array [
    Object {
      "instance": null,
      "key": undefined,
      "nodeType": "host",
      "props": Object {
        "children": Array [
          <h2>
             SIGN INTO YOUR ACCOUNT 
</h2>,
          <input
            className="input"
            name="email"
            onChange={[Function]}
            placeholder="Enter Your Email"
            type="email"
            value=""
/>,
          <input
            className="input"
            name="password"
            onChange={[Function]}
            placeholder="Enter Your Password"
            type="password"
            vaule=""
/>,
          <button>
            Enter Your Account
</button>,
          "",
        ],
        "className": "Signin-form",
        "onSubmit": [Function],
      },
      "ref": null,
      "rendered": Array [
        Object {
          "instance": null,
          "key": undefined,
          "nodeType": "host",
          "props": Object {
            "children": " SIGN INTO YOUR ACCOUNT ",
          },
          "ref": null,
          "rendered": " SIGN INTO YOUR ACCOUNT ",
          "type": "h2",
        },
        Object {
          "instance": null,
          "key": undefined,
          "nodeType": "host",
          "props": Object {
            "className": "input",
            "name": "email",
            "onChange": [Function],
            "placeholder": "Enter Your Email",
            "type": "email",
            "value": "",
          },
          "ref": null,
          "rendered": null,
          "type": "input",
        },
        Object {
          "instance": null,
          "key": undefined,
          "nodeType": "host",
          "props": Object {
            "className": "input",
            "name": "password",
            "onChange": [Function],
            "placeholder": "Enter Your Password",
            "type": "password",
            "vaule": "",
          },
          "ref": null,
          "rendered": null,
          "type": "input",
        },
        Object {
          "instance": null,
          "key": undefined,
          "nodeType": "host",
          "props": Object {
            "children": "Enter Your Account",
          },
          "ref": null,
          "rendered": "Enter Your Account",
          "type": "button",
        },
        "",
      ],
      "type": "form",
    },
  ],
  Symbol(enzyme.__options__): Object {
    "adapter": ReactSixteenAdapter {
      "options": Object {
        "enableComponentDidUpdateOnSetState": true,
      },
    },
  },
}
`;

exports[`SignIn Should match the snapshot 2`] = `
ShallowWrapper {
  "length": 1,
  Symbol(enzyme.__root__): [Circular],
  Symbol(enzyme.__unrendered__): <SignIn
    addUser={[Function]}
    history={
        Object {
            "push": [Function],
          }
    }
    user={
        Object {
            "email": "bob@gmail.com",
            "id": 1,
            "name": "Bob",
          }
    }
/>,
  Symbol(enzyme.__renderer__): Object {
    "batchedUpdates": [Function],
    "getNode": [Function],
    "render": [Function],
    "simulateEvent": [Function],
    "unmount": [Function],
  },
  Symbol(enzyme.__node__): Object {
    "instance": null,
    "key": undefined,
    "nodeType": "host",
    "props": Object {
      "children": Array [
        <h2>
           SIGN INTO YOUR ACCOUNT 
</h2>,
        <input
          className="input"
          name="email"
          onChange={[Function]}
          placeholder="Enter Your Email"
          type="email"
          value=""
/>,
        <input
          className="input"
          name="password"
          onChange={[Function]}
          placeholder="Enter Your Password"
          type="password"
          vaule=""
/>,
        <button>
          Enter Your Account
</button>,
        "",
      ],
      "className": "Signin-form",
      "onSubmit": [Function],
    },
    "ref": null,
    "rendered": Array [
      Object {
        "instance": null,
        "key": undefined,
        "nodeType": "host",
        "props": Object {
          "children": " SIGN INTO YOUR ACCOUNT ",
        },
        "ref": null,
        "rendered": " SIGN INTO YOUR ACCOUNT ",
        "type": "h2",
      },
      Object {
        "instance": null,
        "key": undefined,
        "nodeType": "host",
        "props": Object {
          "className": "input",
          "name": "email",
          "onChange": [Function],
          "placeholder": "Enter Your Email",
          "type": "email",
          "value": "",
        },
        "ref": null,
        "rendered": null,
        "type": "input",
      },
      Object {
        "instance": null,
        "key": undefined,
        "nodeType": "host",
        "props": Object {
          "className": "input",
          "name": "password",
          "onChange": [Function],
          "placeholder": "Enter Your Password",
          "type": "password",
          "vaule": "",
        },
        "ref": null,
        "rendered": null,
        "type": "input",
      },
      Object {
        "instance": null,
        "key": undefined,
        "nodeType": "host",
        "props": Object {
          "children": "Enter Your Account",
        },
        "ref": null,
        "rendered": "Enter Your Account",
        "type": "button",
      },
      "",
    ],
    "type": "form",
  },
  Symbol(enzyme.__nodes__): Array [
    Object {
      "instance": null,
      "key": undefined,
      "nodeType": "host",
      "props": Object {
        "children": Array [
          <h2>
             SIGN INTO YOUR ACCOUNT 
</h2>,
          <input
            className="input"
            name="email"
            onChange={[Function]}
            placeholder="Enter Your Email"
            type="email"
            value=""
/>,
          <input
            className="input"
            name="password"
            onChange={[Function]}
            placeholder="Enter Your Password"
            type="password"
            vaule=""
/>,
          <button>
            Enter Your Account
</button>,
          "",
        ],
        "className": "Signin-form",
        "onSubmit": [Function],
      },
      "ref": null,
      "rendered": Array [
        Object {
          "instance": null,
          "key": undefined,
          "nodeType": "host",
          "props": Object {
            "children": " SIGN INTO YOUR ACCOUNT ",
          },
          "ref": null,
          "rendered": " SIGN INTO YOUR ACCOUNT ",
          "type": "h2",
        },
        Object {
          "instance": null,
          "key": undefined,
          "nodeType": "host",
          "props": Object {
            "className": "input",
            "name": "email",
            "onChange": [Function],
            "placeholder": "Enter Your Email",
            "type": "email",
            "value": "",
          },
          "ref": null,
          "rendered": null,
          "type": "input",
        },
        Object {
          "instance": null,
          "key": undefined,
          "nodeType": "host",
          "props": Object {
            "className": "input",
            "name": "password",
            "onChange": [Function],
            "placeholder": "Enter Your Password",
            "type": "password",
            "vaule": "",
          },
          "ref": null,
          "rendered": null,
          "type": "input",
        },
        Object {
          "instance": null,
          "key": undefined,
          "nodeType": "host",
          "props": Object {
            "children": "Enter Your Account",
          },
          "ref": null,
          "rendered": "Enter Your Account",
          "type": "button",
        },
        "",
      ],
      "type": "form",
    },
  ],
  Symbol(enzyme.__options__): Object {
    "adapter": ReactSixteenAdapter {
      "options": Object {
        "enableComponentDidUpdateOnSetState": true,
      },
    },
  },
}
`;
