// Jest Snapshot v1, https://goo.gl/fbAQLP

exports[`Header Should match the snapshot 1`] = `
ShallowWrapper {
  "length": 1,
  Symbol(enzyme.__root__): [Circular],
  Symbol(enzyme.__unrendered__): <Header />,
  Symbol(enzyme.__renderer__): Object {
    "batchedUpdates": [Function],
    "getNode": [Function],
    "render": [Function],
    "simulateEvent": [Function],
    "unmount": [Function],
  },
  Symbol(enzyme.__node__): Object {
    "instance": null,
    "key": undefined,
    "nodeType": "host",
    "props": Object {
      "children": <h1
        className="App-title"
>
        Welcome to Sky Watch: A SpaceX Experience
</h1>,
      "className": "App-header",
    },
    "ref": null,
    "rendered": Object {
      "instance": null,
      "key": undefined,
      "nodeType": "host",
      "props": Object {
        "children": "Welcome to Sky Watch: A SpaceX Experience",
        "className": "App-title",
      },
      "ref": null,
      "rendered": "Welcome to Sky Watch: A SpaceX Experience",
      "type": "h1",
    },
    "type": "header",
  },
  Symbol(enzyme.__nodes__): Array [
    Object {
      "instance": null,
      "key": undefined,
      "nodeType": "host",
      "props": Object {
        "children": <h1
          className="App-title"
>
          Welcome to Sky Watch: A SpaceX Experience
</h1>,
        "className": "App-header",
      },
      "ref": null,
      "rendered": Object {
        "instance": null,
        "key": undefined,
        "nodeType": "host",
        "props": Object {
          "children": "Welcome to Sky Watch: A SpaceX Experience",
          "className": "App-title",
        },
        "ref": null,
        "rendered": "Welcome to Sky Watch: A SpaceX Experience",
        "type": "h1",
      },
      "type": "header",
    },
  ],
  Symbol(enzyme.__options__): Object {
    "adapter": ReactSixteenAdapter {
      "options": Object {
        "enableComponentDidUpdateOnSetState": true,
      },
    },
  },
}
`;
