// Jest Snapshot v1, https://goo.gl/fbAQLP

exports[`NavBar should match the snapshot 1`] = `
ShallowWrapper {
  "length": 1,
  Symbol(enzyme.__root__): [Circular],
  Symbol(enzyme.__unrendered__): <NavBar
    history={
        Object {
            "location": Object {},
          }
    }
    removeUser={[Function]}
    user={Object {}}
/>,
  Symbol(enzyme.__renderer__): Object {
    "batchedUpdates": [Function],
    "getNode": [Function],
    "render": [Function],
    "simulateEvent": [Function],
    "unmount": [Function],
  },
  Symbol(enzyme.__node__): Object {
    "instance": null,
    "key": undefined,
    "nodeType": "host",
    "props": Object {
      "children": <div>
        <NavLink
                activeClassName="active"
                ariaCurrent="true"
                className="signin"
                to="/signin"
        >
                SIGN IN
        </NavLink>
        <NavLink
                activeClassName="active"
                ariaCurrent="true"
                className="createAccount"
                to="/signup"
        >
                NEW ACCOUNT
        </NavLink>
</div>,
      "className": "NavBar",
    },
    "ref": null,
    "rendered": Object {
      "instance": null,
      "key": undefined,
      "nodeType": "host",
      "props": Object {
        "children": Array [
          <NavLink
            activeClassName="active"
            ariaCurrent="true"
            className="signin"
            to="/signin"
>
            SIGN IN
</NavLink>,
          <NavLink
            activeClassName="active"
            ariaCurrent="true"
            className="createAccount"
            to="/signup"
>
            NEW ACCOUNT
</NavLink>,
        ],
      },
      "ref": null,
      "rendered": Array [
        Object {
          "instance": null,
          "key": undefined,
          "nodeType": "function",
          "props": Object {
            "activeClassName": "active",
            "ariaCurrent": "true",
            "children": "SIGN IN",
            "className": "signin",
            "to": "/signin",
          },
          "ref": null,
          "rendered": "SIGN IN",
          "type": [Function],
        },
        Object {
          "instance": null,
          "key": undefined,
          "nodeType": "function",
          "props": Object {
            "activeClassName": "active",
            "ariaCurrent": "true",
            "children": "NEW ACCOUNT",
            "className": "createAccount",
            "to": "/signup",
          },
          "ref": null,
          "rendered": "NEW ACCOUNT",
          "type": [Function],
        },
      ],
      "type": "div",
    },
    "type": "div",
  },
  Symbol(enzyme.__nodes__): Array [
    Object {
      "instance": null,
      "key": undefined,
      "nodeType": "host",
      "props": Object {
        "children": <div>
          <NavLink
                    activeClassName="active"
                    ariaCurrent="true"
                    className="signin"
                    to="/signin"
          >
                    SIGN IN
          </NavLink>
          <NavLink
                    activeClassName="active"
                    ariaCurrent="true"
                    className="createAccount"
                    to="/signup"
          >
                    NEW ACCOUNT
          </NavLink>
</div>,
        "className": "NavBar",
      },
      "ref": null,
      "rendered": Object {
        "instance": null,
        "key": undefined,
        "nodeType": "host",
        "props": Object {
          "children": Array [
            <NavLink
              activeClassName="active"
              ariaCurrent="true"
              className="signin"
              to="/signin"
>
              SIGN IN
</NavLink>,
            <NavLink
              activeClassName="active"
              ariaCurrent="true"
              className="createAccount"
              to="/signup"
>
              NEW ACCOUNT
</NavLink>,
          ],
        },
        "ref": null,
        "rendered": Array [
          Object {
            "instance": null,
            "key": undefined,
            "nodeType": "function",
            "props": Object {
              "activeClassName": "active",
              "ariaCurrent": "true",
              "children": "SIGN IN",
              "className": "signin",
              "to": "/signin",
            },
            "ref": null,
            "rendered": "SIGN IN",
            "type": [Function],
          },
          Object {
            "instance": null,
            "key": undefined,
            "nodeType": "function",
            "props": Object {
              "activeClassName": "active",
              "ariaCurrent": "true",
              "children": "NEW ACCOUNT",
              "className": "createAccount",
              "to": "/signup",
            },
            "ref": null,
            "rendered": "NEW ACCOUNT",
            "type": [Function],
          },
        ],
        "type": "div",
      },
      "type": "div",
    },
  ],
  Symbol(enzyme.__options__): Object {
    "adapter": ReactSixteenAdapter {
      "options": Object {
        "enableComponentDidUpdateOnSetState": true,
      },
    },
  },
}
`;
