// Jest Snapshot v1, https://goo.gl/fbAQLP

exports[`SignUp Should match the snapshot 1`] = `
ShallowWrapper {
  "length": 1,
  Symbol(enzyme.__root__): [Circular],
  Symbol(enzyme.__unrendered__): <SignUp
    addUser={[Function]}
    history={Object {}}
    user={
        Object {
            "email": "h@aol.com",
            "id": 1,
            "name": "bob",
          }
    }
/>,
  Symbol(enzyme.__renderer__): Object {
    "batchedUpdates": [Function],
    "getNode": [Function],
    "render": [Function],
    "simulateEvent": [Function],
    "unmount": [Function],
  },
  Symbol(enzyme.__node__): Object {
    "instance": null,
    "key": undefined,
    "nodeType": "host",
    "props": Object {
      "children": Array [
        <input
          className="input"
          name="name"
          onChange={[Function]}
          placeholder="Enter Your Name"
          type="text"
          value=""
/>,
        <input
          className="input"
          name="email"
          onChange={[Function]}
          placeholder="Enter Your Email"
          type="email"
          value=""
/>,
        <input
          className="input"
          name="password"
          onChange={[Function]}
          placeholder="Enter Your Password"
          type="password"
          vaule=""
/>,
        <button>
          Enter Your Account
</button>,
        "",
      ],
      "className": "SignUp-form",
      "onSubmit": [Function],
    },
    "ref": null,
    "rendered": Array [
      Object {
        "instance": null,
        "key": undefined,
        "nodeType": "host",
        "props": Object {
          "className": "input",
          "name": "name",
          "onChange": [Function],
          "placeholder": "Enter Your Name",
          "type": "text",
          "value": "",
        },
        "ref": null,
        "rendered": null,
        "type": "input",
      },
      Object {
        "instance": null,
        "key": undefined,
        "nodeType": "host",
        "props": Object {
          "className": "input",
          "name": "email",
          "onChange": [Function],
          "placeholder": "Enter Your Email",
          "type": "email",
          "value": "",
        },
        "ref": null,
        "rendered": null,
        "type": "input",
      },
      Object {
        "instance": null,
        "key": undefined,
        "nodeType": "host",
        "props": Object {
          "className": "input",
          "name": "password",
          "onChange": [Function],
          "placeholder": "Enter Your Password",
          "type": "password",
          "vaule": "",
        },
        "ref": null,
        "rendered": null,
        "type": "input",
      },
      Object {
        "instance": null,
        "key": undefined,
        "nodeType": "host",
        "props": Object {
          "children": "Enter Your Account",
        },
        "ref": null,
        "rendered": "Enter Your Account",
        "type": "button",
      },
      "",
    ],
    "type": "form",
  },
  Symbol(enzyme.__nodes__): Array [
    Object {
      "instance": null,
      "key": undefined,
      "nodeType": "host",
      "props": Object {
        "children": Array [
          <input
            className="input"
            name="name"
            onChange={[Function]}
            placeholder="Enter Your Name"
            type="text"
            value=""
/>,
          <input
            className="input"
            name="email"
            onChange={[Function]}
            placeholder="Enter Your Email"
            type="email"
            value=""
/>,
          <input
            className="input"
            name="password"
            onChange={[Function]}
            placeholder="Enter Your Password"
            type="password"
            vaule=""
/>,
          <button>
            Enter Your Account
</button>,
          "",
        ],
        "className": "SignUp-form",
        "onSubmit": [Function],
      },
      "ref": null,
      "rendered": Array [
        Object {
          "instance": null,
          "key": undefined,
          "nodeType": "host",
          "props": Object {
            "className": "input",
            "name": "name",
            "onChange": [Function],
            "placeholder": "Enter Your Name",
            "type": "text",
            "value": "",
          },
          "ref": null,
          "rendered": null,
          "type": "input",
        },
        Object {
          "instance": null,
          "key": undefined,
          "nodeType": "host",
          "props": Object {
            "className": "input",
            "name": "email",
            "onChange": [Function],
            "placeholder": "Enter Your Email",
            "type": "email",
            "value": "",
          },
          "ref": null,
          "rendered": null,
          "type": "input",
        },
        Object {
          "instance": null,
          "key": undefined,
          "nodeType": "host",
          "props": Object {
            "className": "input",
            "name": "password",
            "onChange": [Function],
            "placeholder": "Enter Your Password",
            "type": "password",
            "vaule": "",
          },
          "ref": null,
          "rendered": null,
          "type": "input",
        },
        Object {
          "instance": null,
          "key": undefined,
          "nodeType": "host",
          "props": Object {
            "children": "Enter Your Account",
          },
          "ref": null,
          "rendered": "Enter Your Account",
          "type": "button",
        },
        "",
      ],
      "type": "form",
    },
  ],
  Symbol(enzyme.__options__): Object {
    "adapter": ReactSixteenAdapter {
      "options": Object {
        "enableComponentDidUpdateOnSetState": true,
      },
    },
  },
}
`;
